Dec  6 12:20:20 combo messagebus: messagebus shutdown failed
Dec  6 12:20:23 combo atd: atd shutdown succeeded
Dec  6 12:20:24 combo privoxy: privoxy shutdown succeeded
Dec  6 12:20:28 combo cups: cupsd shutdown succeeded
Dec  6 12:20:29 combo xfs: xfs shutdown failed
Dec  6 12:20:29 combo FreeWnn: jserver shutdown failed
Dec  6 12:20:31 combo cannaserver[2102]: irw_killserver:cannaserver end 
Dec  6 12:20:31 combo canna: Stopping Canna server: succeeded
Dec  6 12:20:31 combo mysqld: Stopping MySQL:  failed
Dec  6 12:20:33 combo gpm: gpm shutdown succeeded
Dec  6 12:20:37 combo httpd: httpd shutdown succeeded
Dec  6 12:20:39 combo squid: Stopping squid: 
Dec  6 12:20:43 combo squid: .
Dec  6 12:20:45 combo squid: .
Dec  6 12:20:45 combo squid: ^[[60G[  ^[[0;32mOK
Dec  6 12:20:45 combo squid: 
Dec  6 12:20:45 combo rc: Stopping squid:  succeeded
Dec  6 12:20:45 combo sshd: sshd -TERM succeeded
Dec  6 12:20:45 combo squid[2261]: Squid Parent: child process 2263 exited with status 0
Dec  6 12:20:50 combo sendmail: sendmail shutdown succeeded
Dec  6 12:20:50 combo sendmail: sm-client shutdown failed
Dec  6 12:21:01 combo spamassassin: spamd shutdown succeeded
Dec  6 12:21:03 combo smartd[1757]: smartd received signal 15: Terminated 
Dec  6 12:21:03 combo smartd[1757]: smartd is exiting (exit status 0) 
Dec  6 12:21:03 combo smartd: smartd shutdown succeeded
Dec  6 12:21:10 combo named: named shutdown failed
Dec  6 12:21:12 combo snmpd[2287]: Received TERM or STOP signal...  shutting down... 
Dec  6 12:21:14 combo snmpd: snmpd shutdown succeeded
Dec  6 12:21:15 combo xinetd[2003]: Exiting...
Dec  6 12:21:16 combo xinetd: xinetd shutdown succeeded
Dec  6 12:21:16 combo crond: crond shutdown succeeded
Dec  6 12:21:17 combo apmd[1717]: Exiting
Dec  6 12:21:20 combo apmd: apmd shutdown succeeded
Dec  6 12:21:20 combo ntpd[2304]: ntpd exiting on signal 15
Dec  6 12:21:21 combo ntpd: ntpd shutdown succeeded
Dec  6 12:21:21 combo dd: 1+0 records in
Dec  6 12:21:21 combo dd: 1+0 records out
Dec  6 12:21:21 combo random: Saving random seed:  succeeded
Dec  6 12:21:21 combo nfslock: rpc.statd shutdown failed
Dec  6 12:21:21 combo portmap: portmap shutdown failed
Dec  6 12:21:22 combo kernel: Kernel logging (proc) stopped.
Dec  6 12:21:22 combo kernel: Kernel log daemon terminating.
Dec  6 12:21:26 combo syslog: klogd shutdown succeeded
Dec  6 12:21:26 combo exiting on signal 15
Dec  6 12:22:57 combo syslogd 1.4.1: restart.
Dec  6 12:22:57 combo syslog: syslogd startup succeeded
Dec  6 12:22:57 combo kernel: klogd 1.4.1, log source = /proc/kmsg started.
Dec  6 12:22:57 combo kernel: Linux version 2.6.5-1.358 (bhcompile@bugs.build.redhat.com) (gcc version 3.3.3 20040412 (Red Hat Linux 3.3.3-7)) #1 Sat May 8 09:04:50 EDT 2004
Dec  6 12:22:57 combo kernel: BIOS-provided physical RAM map:
Dec  6 12:22:57 combo kernel:  BIOS-e820: 0000000000000000 - 00000000000a0000 (usable)
Dec  6 12:22:57 combo kernel:  BIOS-e820: 00000000000f0000 - 0000000000100000 (reserved)
Dec  6 12:22:57 combo kernel:  BIOS-e820: 0000000000100000 - 0000000007eae000 (usable)
Dec  6 12:22:57 combo kernel:  BIOS-e820: 0000000007eae000 - 0000000008000000 (reserved)
Dec  6 12:22:57 combo kernel:  BIOS-e820: 00000000ffb00000 - 0000000100000000 (reserved)
Dec  6 12:22:57 combo kernel: 0MB HIGHMEM available.
Dec  6 12:22:57 combo kernel: 126MB LOWMEM available.
Dec  6 12:22:57 combo kernel: zapping low mappings.
Dec  6 12:22:57 combo kernel: On node 0 totalpages: 32430
Dec  6 12:22:57 combo syslog: klogd startup succeeded
Dec  6 12:22:57 combo kernel:   DMA zone: 4096 pages, LIFO batch:1
Dec  6 12:22:57 combo kernel:   Normal zone: 28334 pages, LIFO batch:6
Dec  6 12:22:57 combo irqbalance: irqbalance startup succeeded
Dec  6 12:22:57 combo kernel:   HighMem zone: 0 pages, LIFO batch:1
Dec  6 12:22:57 combo kernel: DMI 2.3 present.
Dec  6 12:22:57 combo kernel: ACPI disabled because your bios is from 2000 and too old
Dec  6 12:22:57 combo kernel: You can enable it with acpi=force
Dec  6 12:22:57 combo kernel: Built 1 zonelists
Dec  6 12:22:57 combo kernel: Kernel command line: ro root=LABEL=/ rhgb quiet
Dec  6 12:22:57 combo kernel: mapped 4G/4G trampoline to ffff3000.
Dec  6 12:22:57 combo kernel: Initializing CPU#0
Dec  6 12:22:57 combo kernel: CPU 0 irqstacks, hard=02345000 soft=02344000
Dec  6 12:22:57 combo kernel: PID hash table entries: 512 (order 9: 4096 bytes)
Dec  6 12:22:57 combo portmap: portmap startup succeeded
Dec  6 12:22:57 combo kernel: Detected 731.217 MHz processor.
Dec  6 12:22:58 combo kernel: Using tsc for high-res timesource
Dec  6 12:22:58 combo kernel: Console: colour VGA+ 80x25
Dec  6 12:22:58 combo kernel: Memory: 125312k/129720k available (1540k kernel code, 3860k reserved, 599k data, 144k init, 0k highmem)
Dec  6 12:22:58 combo kernel: Calibrating delay loop... 1441.79 BogoMIPS
Dec  6 12:22:58 combo rpc.statd[1608]: Version 1.0.6 Starting
Dec  6 12:22:58 combo kernel: Security Scaffold v1.0.0 initialized
Dec  6 12:22:58 combo nfslock: rpc.statd startup succeeded
Dec  6 12:22:58 combo kernel: SELinux:  Initializing.
Dec  6 12:22:58 combo kernel: SELinux:  Starting in permissive mode
Dec  6 12:22:58 combo kernel: There is already a security framework initialized, register_security failed.
Dec  6 12:22:58 combo kernel: Failure registering capabilities with the kernel
Dec  6 12:22:58 combo kernel: selinux_register_security:  Registering secondary module capability
Dec  6 12:22:58 combo kernel: Capability LSM initialized
Dec  6 12:22:58 combo kernel: Dentry cache hash table entries: 16384 (order: 4, 65536 bytes)
Dec  6 12:22:58 combo kernel: Inode-cache hash table entries: 8192 (order: 3, 32768 bytes)
Dec  6 12:22:58 combo kernel: Mount-cache hash table entries: 512 (order: 0, 4096 bytes)
Dec  6 12:22:58 combo kernel: CPU: L1 I cache: 16K, L1 D cache: 16K
Dec  6 12:22:58 combo kernel: CPU: L2 cache: 256K
Dec  6 12:22:58 combo kernel: Intel machine check architecture supported.
Dec  6 12:22:58 combo kernel: Intel machine check reporting enabled on CPU#0.
Dec  6 12:22:58 combo kernel: CPU: Intel Pentium III (Coppermine) stepping 06
Dec  6 12:22:59 combo rpcidmapd: rpc.idmapd startup succeeded
Dec  6 12:22:59 combo kernel: Enabling fast FPU save and restore... done.
Dec  6 12:22:59 combo kernel: Enabling unmasked SIMD FPU exception support... done.
Dec  6 12:22:59 combo kernel: Checking 'hlt' instruction... OK.
Dec  6 12:22:59 combo kernel: POSIX conformance testing by UNIFIX
