Jun  9 06:07:34 combo udev[2898]: removing device node '/udev/vcsa7'
Jun  9 06:07:34 combo udev[2903]: creating device node '/udev/vcs7'
Jun  9 06:07:34 combo udev[2904]: creating device node '/udev/vcsa7'
Jun  9 06:10:35 combo ntpd[2296]: synchronized to LOCAL(0), stratum=10
Jun  9 06:10:35 combo ntpd[2296]: kernel time sync disabled 0041
Jun  9 06:11:41 combo ntpd[2296]: kernel time sync enabled 0001
Jun 10 04:02:23 combo xinetd[2003]: file descriptor of service comsat has been closed
Jun 10 04:02:23 combo xinetd[2003]: select reported EBADF but no bad file descriptors were found
Jun 10 04:03:01 combo su(pam_unix)[5120]: session opened for user cyrus by (uid=0)
Jun 10 04:03:01 combo su(pam_unix)[5120]: session closed for user cyrus
Jun 10 04:03:02 combo logrotate: ALERT exited abnormally with [1]
Jun 10 04:09:15 combo su(pam_unix)[5493]: session opened for user news by (uid=0)
Jun 10 04:09:16 combo su(pam_unix)[5493]: session closed for user news
Jun 10 11:31:44 combo syslogd 1.4.1: restart.
Jun 10 11:31:44 combo syslog: syslogd startup succeeded
Jun 10 11:31:44 combo kernel: klogd 1.4.1, log source = /proc/kmsg started.
Jun 10 11:31:44 combo kernel: Linux version 2.6.5-1.358 (bhcompile@bugs.build.redhat.com) (gcc version 3.3.3 20040412 (Red Hat Linux 3.3.3-7)) #1 Sat May 8 09:04:50 EDT 2004
Jun 10 11:31:44 combo kernel: BIOS-provided physical RAM map:
Jun 10 11:31:44 combo kernel:  BIOS-e820: 0000000000000000 - 00000000000a0000 (usable)
Jun 10 11:31:44 combo kernel:  BIOS-e820: 00000000000f0000 - 0000000000100000 (reserved)
Jun 10 11:31:44 combo kernel:  BIOS-e820: 0000000000100000 - 0000000007eae000 (usable)
Jun 10 11:31:44 combo kernel:  BIOS-e820: 0000000007eae000 - 0000000008000000 (reserved)
Jun 10 11:31:44 combo kernel:  BIOS-e820: 00000000ffb00000 - 0000000100000000 (reserved)
Jun 10 11:31:44 combo kernel: 0MB HIGHMEM available.
Jun 10 11:31:44 combo kernel: 126MB LOWMEM available.
Jun 10 11:31:44 combo kernel: zapping low mappings.
Jun 10 11:31:44 combo kernel: On node 0 totalpages: 32430
Jun 10 11:31:44 combo syslog: klogd startup succeeded
Jun 10 11:31:44 combo kernel:   DMA zone: 4096 pages, LIFO batch:1
Jun 10 11:31:44 combo kernel:   Normal zone: 28334 pages, LIFO batch:6
Jun 10 11:31:44 combo irqbalance: irqbalance startup succeeded
Jun 10 11:31:44 combo kernel:   HighMem zone: 0 pages, LIFO batch:1
Jun 10 11:31:44 combo kernel: DMI 2.3 present.
Jun 10 11:31:44 combo kernel: ACPI disabled because your bios is from 2000 and too old
Jun 10 11:31:44 combo kernel: You can enable it with acpi=force
Jun 10 11:31:44 combo kernel: Built 1 zonelists
Jun 10 11:31:44 combo kernel: Kernel command line: ro root=LABEL=/ rhgb quiet
Jun 10 11:31:44 combo kernel: mapped 4G/4G trampoline to ffff3000.
Jun 10 11:31:44 combo kernel: Initializing CPU#0
Jun 10 11:31:44 combo kernel: CPU 0 irqstacks, hard=02345000 soft=02344000
Jun 10 11:31:44 combo kernel: PID hash table entries: 512 (order 9: 4096 bytes)
Jun 10 11:31:44 combo kernel: Detected 731.221 MHz processor.
Jun 10 11:31:44 combo kernel: Using tsc for high-res timesource
Jun 10 11:31:44 combo kernel: Console: colour VGA+ 80x25
Jun 10 11:31:44 combo kernel: Memory: 125312k/129720k available (1540k kernel code, 3860k reserved, 599k data, 144k init, 0k highmem)
Jun 10 11:31:44 combo kernel: Calibrating delay loop... 1445.88 BogoMIPS
Jun 10 11:31:44 combo kernel: Security Scaffold v1.0.0 initialized
Jun 10 11:31:44 combo portmap: portmap startup succeeded
Jun 10 11:31:44 combo kernel: SELinux:  Initializing.
Jun 10 11:31:44 combo kernel: SELinux:  Starting in permissive mode
Jun 10 11:31:44 combo kernel: There is already a security framework initialized, register_security failed.
Jun 10 11:31:44 combo rpc.statd[1636]: Version 1.0.6 Starting
Jun 10 11:31:44 combo kernel: Failure registering capabilities with the kernel
Jun 10 11:31:44 combo nfslock: rpc.statd startup succeeded
Jun 10 11:31:44 combo kernel: selinux_register_security:  Registering secondary module capability
Jun 10 11:31:45 combo kernel: Capability LSM initialized
Jun 10 11:31:45 combo kernel: Dentry cache hash table entries: 16384 (order: 4, 65536 bytes)
Jun 10 11:31:45 combo kernel: Inode-cache hash table entries: 8192 (order: 3, 32768 bytes)
Jun 10 11:31:45 combo kernel: Mount-cache hash table entries: 512 (order: 0, 4096 bytes)
Jun 10 11:31:45 combo kernel: CPU: L1 I cache: 16K, L1 D cache: 16K
Jun 10 11:31:45 combo kernel: CPU: L2 cache: 256K
Jun 10 11:31:45 combo kernel: Intel machine check architecture supported.
Jun 10 11:31:45 combo kernel: Intel machine check reporting enabled on CPU#0.
Jun 10 11:31:45 combo kernel: CPU: Intel Pentium III (Coppermine) stepping 06
Jun 10 11:31:45 combo rpcidmapd: rpc.idmapd startup succeeded
Jun 10 11:31:45 combo kernel: Enabling fast FPU save and restore... done.
Jun 10 11:31:45 combo kernel: Enabling unmasked SIMD FPU exception support... done.
Jun 10 11:31:45 combo kernel: Checking 'hlt' instruction... OK.
Jun 10 11:31:45 combo kernel: POSIX conformance testing by UNIFIX
Jun 10 11:31:45 combo kernel: NET: Registered protocol family 16
Jun 10 11:31:45 combo kernel: PCI: PCI BIOS revision 2.10 entry at 0xfc0ce, last bus=1
Jun 10 11:31:45 combo kernel: PCI: Using configuration type 1
Jun 10 11:31:45 combo kernel: mtrr: v2.0 (20020519)
Jun 10 11:31:45 combo kernel: ACPI: Subsystem revision 20040326
Jun 10 11:31:45 combo kernel: ACPI: Interpreter disabled.
Jun 10 11:31:45 combo kernel: Linux Plug and Play Support v0.97 (c) Adam Belay
Jun 10 11:31:45 combo kernel: usbcore: registered new driver usbfs
Jun 10 11:31:45 combo random: Initializing random number generator:  succeeded
Jun 10 11:31:45 combo kernel: usbcore: registered new driver hub
Jun 10 11:31:45 combo kernel: ACPI: ACPI tables contain no PCI IRQ routing entries
Jun 10 11:31:45 combo kernel: PCI: Invalid ACPI-PCI IRQ routing table
Jun 10 11:31:45 combo kernel: PCI: Probing PCI hardware
Jun 10 11:31:45 combo kernel: PCI: Probing PCI hardware (bus 00)
Jun 10 11:31:45 combo rc: Starting pcmcia:  succeeded
Jun 10 11:31:45 combo kernel: Transparent bridge - 0000:00:1e.0
Jun 10 11:31:45 combo kernel: PCI: Using IRQ router PIIX/ICH [8086/2410] at 0000:00:1f.0
Jun 10 11:31:45 combo kernel: apm: BIOS version 1.2 Flags 0x03 (Driver version 1.16ac)
Jun 10 11:31:45 combo kernel: audit: initializing netlink socket (disabled)
Jun 10 11:31:45 combo kernel: audit(1118403053.397:0): initialized
Jun 10 11:31:45 combo kernel: Total HugeTLB memory allocated, 0
Jun 10 11:31:45 combo kernel: VFS: Disk quotas dquot_6.5.1
Jun 10 11:31:45 combo kernel: Dquot-cache hash table entries: 1024 (order 0, 4096 bytes)
Jun 10 11:31:45 combo kernel: SELinux:  Registering netfilter hooks
Jun 10 11:31:45 combo kernel: Initializing Cryptographic API
Jun 10 11:31:45 combo kernel: pci_hotplug: PCI Hot Plug PCI Core version: 0.5
Jun 10 11:31:45 combo kernel: isapnp: Scanning for PnP cards...
Jun 10 11:31:41 combo sysctl: kernel.core_uses_pid = 1 
Jun 10 11:31:46 combo kernel: isapnp: No Plug & Play device found
Jun 10 11:31:46 combo hcid[1708]: HCI daemon ver 2.4 started
Jun 10 11:31:46 combo bluetooth: hcid startup succeeded

